<html>
<body>
<pre>
<h1>µVision Build Log</h1>
<h2>Project:</h2>
E:\Campus\Courses\Embedded\TM4C123GXL\Keil\Labware\Lab16_IoT\getWeather.uvproj
Project File Date:  04/14/2020

<h2>Output:</h2>
Build target 'getWeather'
compiling main.c...
linking...
Program Size: Code=15040 RO-data=2280 RW-data=56 ZI-data=19816  
After Build - User command #1: fromelf --bin --output .\rvmdk\cc31000_starter.bin .\rvmdk\cc31000_starter.axf
".\rvmdk\getWeather.axf" - 0 Error(s), 0 Warning(s).
Load "E:\\Campus\\Courses\\Embedded\\TM4C123GXL\\Keil\\Labware\\Lab16_IoT\\rvmdk\\getWeather.axf" 
Connecting: Mode=JTAG, Speed=1000000Hz
Erase Done.
Programming Done.
Verify OK.
</pre>
</body>
</html>
